[debug] [2026-07-16T04:35:18.124Z] : 
[debug] [2026-07-16T04:35:18.138Z] : ----------------------------------------------------------------------
[debug] [2026-07-16T04:35:18.139Z] : Command:      C:\Program Files\nodejs\node.exe C:\Users\NITIN\AppData\Roaming\npm\node_modules\zcatalyst-cli\lib\bin\catalyst.js serve
[debug] [2026-07-16T04:35:18.140Z] : CLI Version:  1.26.2
[debug] [2026-07-16T04:35:18.141Z] : Platform:     win32
[debug] [2026-07-16T04:35:18.142Z] : Node Version: v22.23.1
[debug] [2026-07-16T04:35:18.142Z] : Time:         Thu Jul 16 2026 10:05:18 GMT+0530 (India Standard Time)
[debug] [2026-07-16T04:35:18.142Z] : ----------------------------------------------------------------------
[debug] [2026-07-16T04:35:18.142Z] : 
[debug] [2026-07-16T04:35:22.867Z] : > authorizing via signed-in user option
[debug] [2026-07-16T04:35:22.869Z] : > command requires scopes: ["ZohoCatalyst.projects.ALL","ZohoCatalyst.apigateway.apis.READ","ZohoCatalyst.apigateway.READ","ZohoCatalyst.segments.ALL","ZohoCatalyst.cache.READ","ZohoCatalyst.cache.CREATE","ZohoCatalyst.cache.DELETE","ZohoCatalyst.projects.ALL","ZohoCatalyst.cron.ALL","ZohoCatalyst.zcql.CREATE","ZohoCatalyst.projects.users.READ","ZohoCatalyst.projects.users.CREATE","ZohoCatalyst.projects.users.DELETE","ZohoCatalyst.projects.users.UPDATE","ZohoCatalyst.authentication.CREATE","ZohoCatalyst.email.CREATE","ZohoCatalyst.tables.ALL","ZohoCatalyst.tables.rows.ALL","ZohoCatalyst.tables.columns.ALL","ZohoCatalyst.tables.bulk.CREATE","ZohoCatalyst.tables.bulk.READ","ZohoCatalyst.folders.ALL","ZohoCatalyst.files.CREATE","ZohoCatalyst.files.READ","ZohoCatalyst.files.DELETE","ZohoCatalyst.functions.ALL","ZohoCatalyst.functions.EXECUTE","ZohoCatalyst.eventlistners.ALL","ZohoCatalyst.eventlisteners.produce","ZohoCatalyst.security.rules.Read","ZohoCatalyst.security.rules.Update","ZohoCatalyst.notifications.mobile","ZohoCatalyst.notifications.web","ZohoCatalyst.search.READ","ZohoCatalyst.mlkit.READ","QuickML.deployment.READ","ZohoCatalyst.pdfshot.execute","ZohoCatalyst.grid.READ","ZohoCatalyst.grid.terminate","ZohoCatalyst.circuits.execution.DELETE","ZohoCatalyst.circuits.execution.READ","ZohoCatalyst.circuits.execute","ZohoCatalyst.appsail.Read","ZohoCatalyst.jobpool.READ","ZohoCatalyst.job.ALL","ZohoCatalyst.nosql.READ","ZohoCatalyst.nosql.rows.ALL"]
[debug] [2026-07-16T04:35:22.919Z] : >>>> HTTP REQUEST : GET https://api.catalyst.zoho.in/baas/v1/project/49092000000078003 

[debug] [2026-07-16T04:35:23.206Z] : <<<< HTTP RESPONSE : 200
Response Headers: {"server":"ZGS","date":"Thu, 16 Jul 2026 04:35:24 GMT","content-type":"application/vnd.catalyst.v2+json","transfer-encoding":"chunked","connection":"keep-alive","x-content-type-options":"nosniff","cache-control":"private,no-cache,no-store,max-age=0,must-revalidate","pragma":"no-cache","expires":"Thu, 01 Jan 1970 00:00:00 GMT","x-frame-options":"DENY","strict-transport-security":"max-age=64072000; includeSubDomains; preload"}

[debug] [2026-07-16T04:35:23.218Z] : >>>> HTTP REQUEST : GET https://api.catalyst.zoho.in/baas/v1/project/49092000000078003/environment 

[debug] [2026-07-16T04:35:23.294Z] : <<<< HTTP RESPONSE : 200
Response Headers: {"server":"ZGS","date":"Thu, 16 Jul 2026 04:35:24 GMT","content-type":"application/vnd.catalyst.v2+json","transfer-encoding":"chunked","connection":"keep-alive","x-content-type-options":"nosniff","cache-control":"private,no-cache,no-store,max-age=0,must-revalidate","pragma":"no-cache","expires":"Thu, 01 Jan 1970 00:00:00 GMT","x-frame-options":"DENY","strict-transport-security":"max-age=64072000; includeSubDomains; preload"}

[debug] [2026-07-16T04:35:24.056Z] : Build folder already exists, starting cleanup
[debug] [2026-07-16T04:35:24.218Z] : >>>> HTTP REQUEST : GET https://api.catalyst.zoho.in/baas/get-details 
Query params: {"feature_name":"runtime"}

[debug] [2026-07-16T04:35:24.286Z] : <<<< HTTP RESPONSE : 200
Response Headers: {"server":"ZGS","date":"Thu, 16 Jul 2026 04:35:25 GMT","content-type":"application/vnd.catalyst.v2+json","transfer-encoding":"chunked","connection":"keep-alive","x-content-type-options":"nosniff","cache-control":"private,no-cache,no-store,max-age=0,must-revalidate","pragma":"no-cache","expires":"Thu, 01 Jan 1970 00:00:00 GMT","x-frame-options":"DENY","strict-transport-security":"max-age=64072000; includeSubDomains; preload"}

[debug] [2026-07-16T04:35:24.301Z] : >>>> HTTP REQUEST : GET https://api.catalyst.zoho.in/baas/v1/project/49092000000078003/function 
Query params: {"type":"basicio,event,cron,applogic,integration,browser_logic,job"}

[debug] [2026-07-16T04:35:24.395Z] : <<<< HTTP RESPONSE : 200
Response Headers: {"server":"ZGS","date":"Thu, 16 Jul 2026 04:35:25 GMT","content-type":"application/vnd.catalyst.v2+json","transfer-encoding":"chunked","connection":"keep-alive","x-content-type-options":"nosniff","cache-control":"private,no-cache,no-store,max-age=0,must-revalidate","pragma":"no-cache","expires":"Thu, 01 Jan 1970 00:00:00 GMT","x-frame-options":"DENY","strict-transport-security":"max-age=64072000; includeSubDomains; preload"}

[debug] [2026-07-16T04:35:24.403Z] : unknown eol undefined hence skipping check
[debug] [2026-07-16T04:35:24.478Z] : Node binary for stack node22 is at C:\Program Files\nodejs\node.exe
[debug] [2026-07-16T04:35:27.232Z] : http port : '3000' is not available. Hence port '3001' will be used instead.
[debug] [2026-07-16T04:35:27.686Z] : No API Gateway configuration found. Skipping API Gateway rules
[debug] [2026-07-16T04:35:27.795Z] : No API Gateway configuration found. Skipping API Gateway rules
[info] [2026-07-16T04:35:27.916Z] : 
[info] [2026-07-16T04:35:27.921Z] :  >>>>>>>>>>>>> Advanced I/O <<<<<<<<<<< 
[info] [2026-07-16T04:35:27.932Z] : i trinetra_function: http://localhost:3000/server/trinetra_function/
[info] [2026-07-16T04:35:27.936Z] : 
[info] [2026-07-16T04:35:27.940Z] : 
[info] [2026-07-16T04:35:27.943Z] :  >>>>>>>>>>>>>> AppSail <<<<<<<<<<<<<< 
[info] [2026-07-16T04:35:27.945Z] : i trinetra: http://localhost:3001
[info] [2026-07-16T04:35:27.951Z] : 
